altskin.conf
css/altskin.IE6.css
css/altskin.IE7.css
css/altskin.css
customer/bottom.tpl
customer/content.tpl
customer/head.tpl
customer/left_bar.tpl
customer/main/featured.tpl
customer/main/product_details.tpl
customer/main/products_t.tpl
customer/main/welcome.tpl
customer/menu_cart.tpl
customer/minicart_total.tpl
customer/news.tpl
customer/search.tpl
customer/tabs.tpl
images/2column/but_light_left.gif
images/2column/but_light_right.gif
images/2column/but_menu_left.png
images/2column/but_menu_right.png
images/2column/button_big_blue_left.gif
images/2column/button_big_blue_right.gif
images/2column/button_big_red_left.gif
images/2column/button_big_red_right.gif
images/2column/button_blue_left.gif
images/2column/button_blue_right.gif
images/2column/button_dropdown.gif
images/2column/button_red_left.gif
images/2column/button_red_right.gif
images/2column/button_search.gif
images/2column/cart_button.gif
images/2column/cart_full.gif
images/2column/header_bg.gif
images/2column/list_dialog_bg_left.gif
images/2column/list_dialog_bg_right.gif
images/2column/menu_bg_light.gif
lib/jqueryui/themes/2-columns/images/ui-bg_flat_0_212121_40x100.png
lib/jqueryui/themes/2-columns/images/ui-bg_flat_0_262626_40x100.png
lib/jqueryui/themes/2-columns/images/ui-bg_flat_55_fff4e5_40x100.png
lib/jqueryui/themes/2-columns/images/ui-bg_glass_30_5c9ccc_1x400.png
lib/jqueryui/themes/2-columns/images/ui-bg_glass_75_d0e5f5_1x400.png
lib/jqueryui/themes/2-columns/images/ui-bg_glass_85_dfeffc_1x400.png
lib/jqueryui/themes/2-columns/images/ui-bg_glass_95_fef1ec_1x400.png
lib/jqueryui/themes/2-columns/images/ui-bg_inset-hard_100_f5f8f9_1x100.png
lib/jqueryui/themes/2-columns/images/ui-bg_inset-hard_100_fcfdfd_1x100.png
lib/jqueryui/themes/2-columns/images/ui-icons_217bc0_256x240.png
lib/jqueryui/themes/2-columns/images/ui-icons_4088bf_256x240.png
lib/jqueryui/themes/2-columns/images/ui-icons_549fde_256x240.png
lib/jqueryui/themes/2-columns/images/ui-icons_6da8d5_256x240.png
lib/jqueryui/themes/2-columns/images/ui-icons_cd0a0a_256x240.png
lib/jqueryui/themes/2-columns/images/ui-icons_f98501_256x240.png
lib/jqueryui/themes/2-columns/images/ui-icons_ffffff_256x240.png
lib/jqueryui/themes/2-columns/jquery.ui.theme.css
modules/Fast_Lane_Checkout/cart_subtotal.tpl
