404/404_en.html
altskin.conf
css/altskin.IE6.css
css/altskin.IE7.css
css/altskin.css
customer/bottom.tpl
customer/content.tpl
customer/dialog.tpl
customer/head.tpl
customer/help/contactus.tpl
customer/help/general.tpl
customer/help/menu.tpl
customer/home.tpl
customer/iefix.js
customer/left_bar.tpl
customer/main/buy_now.tpl
customer/main/cart.tpl
customer/main/featured.tpl
customer/main/order_message.tpl
customer/main/orders_list.tpl
customer/main/pages.tpl
customer/main/payment_wait.tpl
customer/main/payment_wait_end.tpl
customer/main/product_details.tpl
customer/main/products.tpl
customer/main/products_list.tpl
customer/main/products_t.tpl
customer/main/register.tpl
customer/main/register_account.tpl
customer/main/register_additional_info.tpl
customer/main/register_personal_info.tpl
customer/main/search_orders.tpl
customer/main/search_result.tpl
customer/main/subcategories.tpl
customer/menu_cart.tpl
customer/menu_dialog.tpl
customer/minicart_total.tpl
customer/news.js
customer/news.tpl
customer/search.tpl
customer/special.tpl
images/vivid_dreams/advsearch.gif
images/vivid_dreams/bg-top.gif
images/vivid_dreams/bullet-cat.gif
images/vivid_dreams/bullet-orange.gif
images/vivid_dreams/bullet.gif
images/vivid_dreams/but_arrow.png
images/vivid_dreams/but_arrow_right.png
images/vivid_dreams/but_cart_left.png
images/vivid_dreams/but_cart_right.png
images/vivid_dreams/but_flc_arrow_right.gif
images/vivid_dreams/but_flc_left.gif
images/vivid_dreams/but_flc_main_left.gif
images/vivid_dreams/but_flc_main_right.gif
images/vivid_dreams/but_flc_right.gif
images/vivid_dreams/but_left.gif
images/vivid_dreams/but_main_left.gif
images/vivid_dreams/but_main_right.gif
images/vivid_dreams/but_right.gif
images/vivid_dreams/but_right_dropout.gif
images/vivid_dreams/cart_button.gif
images/vivid_dreams/cart_checkout.gif
images/vivid_dreams/cart_empty.gif
images/vivid_dreams/cart_full.gif
images/vivid_dreams/corn-n.gif
images/vivid_dreams/darrow.gif
images/vivid_dreams/delete_cross.gif
images/vivid_dreams/dot-cat.gif
images/vivid_dreams/dot-line.gif
images/vivid_dreams/fancy_plus.gif
images/vivid_dreams/flc-bg.gif
images/vivid_dreams/go.gif
images/vivid_dreams/head-bg-flc.gif
images/vivid_dreams/head-bg.gif
images/vivid_dreams/head-left-flc.jpg
images/vivid_dreams/head-left.jpg
images/vivid_dreams/head-right-flc.jpg
images/vivid_dreams/head-right.jpg
images/vivid_dreams/in_cart.gif
images/vivid_dreams/left-bg.gif
images/vivid_dreams/left-corner.gif
images/vivid_dreams/left-flc.gif
images/vivid_dreams/logo.gif
images/vivid_dreams/logo_check.gif
images/vivid_dreams/logo_printable.png
images/vivid_dreams/minus.gif
images/vivid_dreams/news-bg.gif
images/vivid_dreams/offer_thumb.png
images/vivid_dreams/plus.gif
images/vivid_dreams/popup_bottom_arrow.gif
images/vivid_dreams/popup_header_bg1.gif
images/vivid_dreams/popup_header_cross.gif
images/vivid_dreams/printer.gif
images/vivid_dreams/question_button.gif
images/vivid_dreams/r-full.gif
images/vivid_dreams/right-corner.gif
images/vivid_dreams/right-flc-full.gif
images/vivid_dreams/right-flc.gif
images/vivid_dreams/save_money.gif
images/vivid_dreams/search.gif
images/vivid_dreams/tab_r.gif
images/vivid_dreams/title-bg.gif
images/vivid_dreams/title-left.gif
images/vivid_dreams/title-right.gif
images/vivid_dreams/tree_subdir_plus.gif
images/vivid_dreams/uarrow.gif
modules/Discount_Coupons/add_coupon.tpl
modules/Fast_Lane_Checkout/cart_subtotal.tpl
modules/Fast_Lane_Checkout/checkout_2_method.tpl
modules/Fast_Lane_Checkout/checkout_3_place.tpl
modules/Fast_Lane_Checkout/head.tpl
modules/Fast_Lane_Checkout/main.css
modules/Gift_Certificates/customer/giftcert.tpl
modules/Manufacturers/customer_manufacturer_products.tpl
modules/News_Management/customer/register_newslists.tpl
