404/404_en.html
altskin.conf
css/altskin.IE6.css
css/altskin.IE7.css
css/altskin.css
customer/bottom_menu.tpl
customer/bread_crumbs.tpl
customer/content.tpl
customer/dialog.tpl
customer/head.tpl
customer/home.tpl
customer/iefix.js
customer/left_bar.tpl
customer/main/product.tpl
customer/main/product_details.tpl
customer/menu_cart.tpl
customer/menu_dialog.tpl
customer/minicart_total.tpl
hr.js
images/custom/bottombg.gif
images/custom/but_main_left.gif
images/custom/but_main_right.gif
images/custom/but_menu_left.gif
images/custom/but_menu_right.gif
images/custom/but_right_dropout.gif
images/custom/button_arrow.gif
images/custom/button_arrow_left.gif
images/custom/cart_button.gif
images/custom/cart_empty.gif
images/custom/cart_full.gif
images/custom/company_logo.gif
images/custom/dialog_bg.png
images/custom/dialog_body.png
images/custom/dialog_pointers.gif
images/custom/fancy_plus.gif
images/custom/hor_categoriesbg.gif
images/custom/menu_bullet.gif
images/custom/menu_header_gradient.png
images/custom/menu_header_points.gif
images/custom/menu_lamp.gif
images/custom/menu_lamp_yellow.gif
images/custom/menu_more.gif
images/custom/menu_more_yellow.gif
images/custom/pagebg.gif
images/custom/popup_bottom_arrow.gif
images/custom/popup_header_bg.gif
images/custom/popup_header_cross.gif
images/custom/printer.gif
images/custom/question_button.gif
images/custom/right_menuboxbg.gif
images/custom/save_money.gif
images/custom/top_border.gif
images/custom/top_gradient.gif
images/custom/top_gradient.png
images/custom/top_image1.jpg
images/custom/top_image2.gif
images/custom/top_lines.gif
modules/Customer_Reviews/ajax.rating.tpl
modules/Extra_Fields/product.tpl
