404/404_en.html
altskin.conf
css/altskin.IE6.css
css/altskin.IE7.css
css/altskin.css
customer/authbox.tpl
customer/categories.tpl
customer/content.tpl
customer/head.tpl
customer/home.tpl
customer/iefix.js
customer/left_bar.tpl
customer/main/cart.tpl
customer/main/product.tpl
customer/main/product_details.tpl
customer/main/products_list.tpl
customer/main/products_t.tpl
customer/main/welcome.tpl
customer/menu_cart.tpl
customer/menu_dialog.tpl
customer/minicart_total.tpl
customer/search.tpl
images/fashion_mosaic/arrow.gif
images/fashion_mosaic/but_right_dropout.gif
images/fashion_mosaic/button_big_blue_left.gif
images/fashion_mosaic/button_big_blue_right.gif
images/fashion_mosaic/button_big_blue_right_arrow.gif
images/fashion_mosaic/button_big_grey_left.gif
images/fashion_mosaic/button_big_grey_right.gif
images/fashion_mosaic/button_blue_left.gif
images/fashion_mosaic/button_blue_right.gif
images/fashion_mosaic/button_grey_left.gif
images/fashion_mosaic/button_grey_right.gif
images/fashion_mosaic/cart.gif
images/fashion_mosaic/cart_button.gif
images/fashion_mosaic/company_logo.gif
images/fashion_mosaic/contact_us.jpg
images/fashion_mosaic/fancy_plus.gif
images/fashion_mosaic/go.gif
images/fashion_mosaic/go_left.gif
images/fashion_mosaic/horiz_separator.gif
images/fashion_mosaic/menu_cat_hr.gif
images/fashion_mosaic/menu_hr.gif
images/fashion_mosaic/menu_welcome_hr.gif
images/fashion_mosaic/minicart_bg.gif
images/fashion_mosaic/popup_cross.gif
images/fashion_mosaic/save_money.gif
images/fashion_mosaic/tree_subdir_plus.gif
images/fashion_mosaic/vert_menu_bullet.gif
images/fashion_mosaic/vert_menuwelc_bullet.gif
images/fashion_mosaic/welcome.jpg
images/fashion_mosaic/welcome_bg.png
modules/Detailed_Product_Images/popup_image.tpl
